// Jest Snapshot v1, https://goo.gl/fbAQLP

exports[`App tests should render the app 1`] = `
<div
  className="App"
>
  <h1>
    Counter 
  </h1>
  <p>
    Counter: 
    <span
      style={
        Object {
          "color": "#f00",
        }
      }
    >
      0
    </span>
  </p>
  <button
    onClick={[Function]}
  >
    Increment
  </button>
</div>
`;
